src/pages/admin/AdminLayout.tsx(1,1): error TS6133: 'React' is declared but its value is never read.
src/pages/admin/Transactions.tsx(1,8): error TS6133: 'React' is declared but its value is never read.
src/pages/Cashier.tsx(1,8): error TS6133: 'React' is declared but its value is never read.
